(1,266,"boolean")
(2,STR,"else")
(3,266,"false")
(4,264,"function")
(5,265,"if")
(6,266,"integer")
(7,267,"print")
(8,264,"return")
(9,266,"string")
(10,266,"true")
(11,266,"void")
(12,264,"while")
(13,264,"for")
(14,266,"char")
