(1,273,"<=")
(1,274,">=")
(1,61,"==")
(1,62,"!=")
(2,ERROR,"&")
(2,ERROR,"&")
(2,278,"||")
(3,43,"+")
(3,43,"+")
(3,45,"-")
(3,45,"-")
